<?xml version="1.0" encoding="utf-8"?><testsuites><testsuite name="pytest" errors="0" failures="41" skipped="142" tests="239" time="23.856" timestamp="2026-03-03T19:36:32.717072+01:00" hostname="octave-HP-ProBook-650-G1"><testcase classname="test_01_laravel_auth.TestAdminLogin" name="test_admin_login_success" time="3.845" /><testcase classname="test_01_laravel_auth.TestAdminLogin" name="test_admin_login_missing_email" time="1.159"><failure message="AssertionError: Devrait rejeter sans email: 200&#10;assert 200 in [422, 400]&#10; +  where 200 = &lt;Response [200]&gt;.status_code">test_01_laravel_auth.py:56: in test_admin_login_missing_email
    assert r.status_code in [422, 400], f"Devrait rejeter sans email: {r.status_code}"
E   AssertionError: Devrait rejeter sans email: 200
E   assert 200 in [422, 400]
E    +  where 200 = &lt;Response [200]&gt;.status_code</failure></testcase><testcase classname="test_01_laravel_auth.TestAdminLogin" name="test_admin_login_missing_password" time="0.272"><failure message="AssertionError: Devrait rejeter sans password: 200&#10;assert 200 in [422, 400]&#10; +  where 200 = &lt;Response [200]&gt;.status_code">test_01_laravel_auth.py:65: in test_admin_login_missing_password
    assert r.status_code in [422, 400], f"Devrait rejeter sans password: {r.status_code}"
E   AssertionError: Devrait rejeter sans password: 200
E   assert 200 in [422, 400]
E    +  where 200 = &lt;Response [200]&gt;.status_code</failure></testcase><testcase classname="test_01_laravel_auth.TestAdminLogin" name="test_admin_login_invalid_credentials" time="0.018" /><testcase classname="test_01_laravel_auth.TestAdminLogin" name="test_admin_login_empty_body" time="0.198"><failure message="AssertionError: Devrait rejeter body vide: 200&#10;assert 200 in [422, 400]&#10; +  where 200 = &lt;Response [200]&gt;.status_code">test_01_laravel_auth.py:83: in test_admin_login_empty_body
    assert r.status_code in [422, 400], f"Devrait rejeter body vide: {r.status_code}"
E   AssertionError: Devrait rejeter body vide: 200
E   assert 200 in [422, 400]
E    +  where 200 = &lt;Response [200]&gt;.status_code</failure></testcase><testcase classname="test_01_laravel_auth.TestAdminRegister" name="test_admin_register_without_token" time="1.843"><failure message="AssertionError: Devrait être non autorisé: 500&#10;assert 500 in [401, 403]&#10; +  where 500 = &lt;Response [500]&gt;.status_code">test_01_laravel_auth.py:98: in test_admin_register_without_token
    assert r.status_code in [401, 403], f"Devrait être non autorisé: {r.status_code}"
E   AssertionError: Devrait être non autorisé: 500
E   assert 500 in [401, 403]
E    +  where 500 = &lt;Response [500]&gt;.status_code</failure></testcase><testcase classname="test_01_laravel_auth.TestAdminRegister" name="test_admin_register_with_token" time="0.301"><skipped type="pytest.skip" message="Token admin non disponible">/home/octave/Bureau/last/tests/test_01_laravel_auth.py:103: Token admin non disponible</skipped></testcase><testcase classname="test_01_laravel_auth.TestAdminLogout" name="test_admin_logout_without_token" time="0.262"><failure message="AssertionError: Devrait être non autorisé: 500&#10;assert 500 in [401, 403]&#10; +  where 500 = &lt;Response [500]&gt;.status_code">test_01_laravel_auth.py:131: in test_admin_logout_without_token
    assert r.status_code in [401, 403], f"Devrait être non autorisé: {r.status_code}"
E   AssertionError: Devrait être non autorisé: 500
E   assert 500 in [401, 403]
E    +  where 500 = &lt;Response [500]&gt;.status_code</failure></testcase><testcase classname="test_01_laravel_auth.TestAdminLogout" name="test_admin_logout_with_invalid_token" time="0.374" /><testcase classname="test_01_laravel_auth.TestChefLogin" name="test_chef_login_success" time="0.086" /><testcase classname="test_01_laravel_auth.TestChefLogin" name="test_chef_login_missing_fields" time="0.434"><failure message="AssertionError: Devrait rejeter: 200&#10;assert 200 in [422, 400]&#10; +  where 200 = &lt;Response [200]&gt;.status_code">test_01_laravel_auth.py:164: in test_chef_login_missing_fields
    assert r.status_code in [422, 400], f"Devrait rejeter: {r.status_code}"
E   AssertionError: Devrait rejeter: 200
E   assert 200 in [422, 400]
E    +  where 200 = &lt;Response [200]&gt;.status_code</failure></testcase><testcase classname="test_01_laravel_auth.TestChefLogin" name="test_chef_login_wrong_credentials" time="0.020" /><testcase classname="test_01_laravel_auth.TestChefLogout" name="test_chef_logout_without_token" time="0.268"><failure message="assert 500 in [401, 403]&#10; +  where 500 = &lt;Response [500]&gt;.status_code">test_01_laravel_auth.py:187: in test_chef_logout_without_token
    assert r.status_code in [401, 403]
E   assert 500 in [401, 403]
E    +  where 500 = &lt;Response [500]&gt;.status_code</failure></testcase><testcase classname="test_01_laravel_auth.TestStudentLogin" name="test_student_login_success" time="0.218" /><testcase classname="test_01_laravel_auth.TestStudentLogin" name="test_student_login_missing_email" time="0.233"><failure message="assert 200 in [422, 400]&#10; +  where 200 = &lt;Response [200]&gt;.status_code">test_01_laravel_auth.py:215: in test_student_login_missing_email
    assert r.status_code in [422, 400]
E   assert 200 in [422, 400]
E    +  where 200 = &lt;Response [200]&gt;.status_code</failure></testcase><testcase classname="test_01_laravel_auth.TestStudentLogin" name="test_student_login_empty_body" time="0.258"><failure message="assert 200 in [422, 400]&#10; +  where 200 = &lt;Response [200]&gt;.status_code">test_01_laravel_auth.py:224: in test_student_login_empty_body
    assert r.status_code in [422, 400]
E   assert 200 in [422, 400]
E    +  where 200 = &lt;Response [200]&gt;.status_code</failure></testcase><testcase classname="test_01_laravel_auth.TestStudentLogin" name="test_student_login_invalid_credentials" time="0.225"><failure message="assert 200 in [401, 422, 403]&#10; +  where 200 = &lt;Response [200]&gt;.status_code">test_01_laravel_auth.py:233: in test_student_login_invalid_credentials
    assert r.status_code in [401, 422, 403]
E   assert 200 in [401, 422, 403]
E    +  where 200 = &lt;Response [200]&gt;.status_code</failure></testcase><testcase classname="test_01_laravel_auth.TestStudentActivate" name="test_student_activate_missing_data" time="0.295"><failure message="assert 200 in [422, 400, 404]&#10; +  where 200 = &lt;Response [200]&gt;.status_code">test_01_laravel_auth.py:248: in test_student_activate_missing_data
    assert r.status_code in [422, 400, 404]
E   assert 200 in [422, 400, 404]
E    +  where 200 = &lt;Response [200]&gt;.status_code</failure></testcase><testcase classname="test_01_laravel_auth.TestStudentActivate" name="test_student_activate_invalid_code" time="0.414"><failure message="assert 200 in [422, 400, 404, 401]&#10; +  where 200 = &lt;Response [200]&gt;.status_code">test_01_laravel_auth.py:257: in test_student_activate_invalid_code
    assert r.status_code in [422, 400, 404, 401]
E   assert 200 in [422, 400, 404, 401]
E    +  where 200 = &lt;Response [200]&gt;.status_code</failure></testcase><testcase classname="test_01_laravel_auth.TestStudentRegister" name="test_student_register_without_token" time="0.339"><failure message="assert 500 in [401, 403]&#10; +  where 500 = &lt;Response [500]&gt;.status_code">test_01_laravel_auth.py:272: in test_student_register_without_token
    assert r.status_code in [401, 403]
E   assert 500 in [401, 403]
E    +  where 500 = &lt;Response [500]&gt;.status_code</failure></testcase><testcase classname="test_01_laravel_auth.TestStudentLogout" name="test_student_logout_without_token" time="0.310"><failure message="assert 500 in [401, 403]&#10; +  where 500 = &lt;Response [500]&gt;.status_code">test_01_laravel_auth.py:286: in test_student_logout_without_token
    assert r.status_code in [401, 403]
E   assert 500 in [401, 403]
E    +  where 500 = &lt;Response [500]&gt;.status_code</failure></testcase><testcase classname="test_01_laravel_auth.TestAuthMe" name="test_me_without_token" time="0.318"><failure message="assert 500 in [401, 403]&#10; +  where 500 = &lt;Response [500]&gt;.status_code">test_01_laravel_auth.py:300: in test_me_without_token
    assert r.status_code in [401, 403]
E   assert 500 in [401, 403]
E    +  where 500 = &lt;Response [500]&gt;.status_code</failure></testcase><testcase classname="test_01_laravel_auth.TestAuthMe" name="test_me_with_admin_token" time="0.001"><skipped type="pytest.skip" message="Token admin non disponible">/home/octave/Bureau/last/tests/test_01_laravel_auth.py:305: Token admin non disponible</skipped></testcase><testcase classname="test_01_laravel_auth.TestAuthMe" name="test_me_with_student_token" time="0.269"><skipped type="pytest.skip" message="Token étudiant non disponible">/home/octave/Bureau/last/tests/test_01_laravel_auth.py:318: Token étudiant non disponible</skipped></testcase><testcase classname="test_01_laravel_auth.TestAuthMe" name="test_me_with_invalid_token" time="0.016" /><testcase classname="test_01_laravel_auth.TestGoogleAuth" name="test_google_redirect_without_token" time="0.429"><failure message="assert 500 in [401, 403]&#10; +  where 500 = &lt;Response [500]&gt;.status_code">test_01_laravel_auth.py:348: in test_google_redirect_without_token
    assert r.status_code in [401, 403]
E   assert 500 in [401, 403]
E    +  where 500 = &lt;Response [500]&gt;.status_code</failure></testcase><testcase classname="test_01_laravel_auth.TestGoogleAuth" name="test_google_callback_without_token" time="0.354"><failure message="assert 500 in [401, 403]&#10; +  where 500 = &lt;Response [500]&gt;.status_code">test_01_laravel_auth.py:357: in test_google_callback_without_token
    assert r.status_code in [401, 403]
E   assert 500 in [401, 403]
E    +  where 500 = &lt;Response [500]&gt;.status_code</failure></testcase><testcase classname="test_01_laravel_auth.TestGoogleAuth" name="test_google_redirect_with_token" time="0.001"><skipped type="pytest.skip" message="Token étudiant non disponible">/home/octave/Bureau/last/tests/test_01_laravel_auth.py:362: Token étudiant non disponible</skipped></testcase><testcase classname="test_02_laravel_admin.TestAdminDepartements" name="test_list_departements_no_auth" time="0.335"><failure message="assert 500 in [401, 403]&#10; +  where 500 = &lt;Response [500]&gt;.status_code">test_02_laravel_admin.py:40: in test_list_departements_no_auth
    assert r.status_code in [401, 403]
E   assert 500 in [401, 403]
E    +  where 500 = &lt;Response [500]&gt;.status_code</failure></testcase><testcase classname="test_02_laravel_admin.TestAdminDepartements" name="test_list_departements_with_admin" time="0.001"><skipped type="pytest.skip" message="Token admin non disponible">/home/octave/Bureau/last/tests/test_02_laravel_admin.py:45: Token admin non disponible</skipped></testcase><testcase classname="test_02_laravel_admin.TestAdminDepartements" name="test_create_departement_no_auth" time="0.273"><failure message="assert 500 in [401, 403]&#10; +  where 500 = &lt;Response [500]&gt;.status_code">test_02_laravel_admin.py:62: in test_create_departement_no_auth
    assert r.status_code in [401, 403]
E   assert 500 in [401, 403]
E    +  where 500 = &lt;Response [500]&gt;.status_code</failure></testcase><testcase classname="test_02_laravel_admin.TestAdminDepartements" name="test_create_departement_with_admin" time="0.001"><skipped type="pytest.skip" message="Token admin non disponible">/home/octave/Bureau/last/tests/test_02_laravel_admin.py:67: Token admin non disponible</skipped></testcase><testcase classname="test_02_laravel_admin.TestAdminDepartements" name="test_create_departement_missing_name" time="0.001"><skipped type="pytest.skip" message="Token admin non disponible">/home/octave/Bureau/last/tests/test_02_laravel_admin.py:79: Token admin non disponible</skipped></testcase><testcase classname="test_02_laravel_admin.TestAdminDepartements" name="test_show_departement" time="0.001"><skipped type="pytest.skip" message="Token admin non disponible">/home/octave/Bureau/last/tests/test_02_laravel_admin.py:91: Token admin non disponible</skipped></testcase><testcase classname="test_02_laravel_admin.TestAdminDepartements" name="test_show_departement_not_found" time="0.001"><skipped type="pytest.skip" message="Token admin non disponible">/home/octave/Bureau/last/tests/test_02_laravel_admin.py:102: Token admin non disponible</skipped></testcase><testcase classname="test_02_laravel_admin.TestAdminDepartements" name="test_update_departement" time="0.001"><skipped type="pytest.skip" message="Token admin non disponible">/home/octave/Bureau/last/tests/test_02_laravel_admin.py:113: Token admin non disponible</skipped></testcase><testcase classname="test_02_laravel_admin.TestAdminDepartements" name="test_delete_departement_nonexistent" time="0.001"><skipped type="pytest.skip" message="Token admin non disponible">/home/octave/Bureau/last/tests/test_02_laravel_admin.py:125: Token admin non disponible</skipped></testcase><testcase classname="test_02_laravel_admin.TestAdminDepartements" name="test_departement_stats" time="0.001"><skipped type="pytest.skip" message="Token admin non disponible">/home/octave/Bureau/last/tests/test_02_laravel_admin.py:136: Token admin non disponible</skipped></testcase><testcase classname="test_02_laravel_admin.TestAdminChefsDepartement" name="test_list_chefs_no_auth" time="0.318"><failure message="assert 500 in [401, 403]&#10; +  where 500 = &lt;Response [500]&gt;.status_code">test_02_laravel_admin.py:158: in test_list_chefs_no_auth
    assert r.status_code in [401, 403]
E   assert 500 in [401, 403]
E    +  where 500 = &lt;Response [500]&gt;.status_code</failure></testcase><testcase classname="test_02_laravel_admin.TestAdminChefsDepartement" name="test_list_chefs_with_admin" time="0.001"><skipped type="pytest.skip" message="Token admin non disponible">/home/octave/Bureau/last/tests/test_02_laravel_admin.py:163: Token admin non disponible</skipped></testcase><testcase classname="test_02_laravel_admin.TestAdminChefsDepartement" name="test_create_chef_missing_data" time="0.001"><skipped type="pytest.skip" message="Token admin non disponible">/home/octave/Bureau/last/tests/test_02_laravel_admin.py:174: Token admin non disponible</skipped></testcase><testcase classname="test_02_laravel_admin.TestAdminChefsDepartement" name="test_create_chef_with_data" time="0.001"><skipped type="pytest.skip" message="Token admin non disponible">/home/octave/Bureau/last/tests/test_02_laravel_admin.py:186: Token admin non disponible</skipped></testcase><testcase classname="test_02_laravel_admin.TestAdminChefsDepartement" name="test_show_chef" time="0.001"><skipped type="pytest.skip" message="Token admin non disponible">/home/octave/Bureau/last/tests/test_02_laravel_admin.py:206: Token admin non disponible</skipped></testcase><testcase classname="test_02_laravel_admin.TestAdminChefsDepartement" name="test_update_chef" time="0.001"><skipped type="pytest.skip" message="Token admin non disponible">/home/octave/Bureau/last/tests/test_02_laravel_admin.py:217: Token admin non disponible</skipped></testcase><testcase classname="test_02_laravel_admin.TestAdminChefsDepartement" name="test_delete_chef_nonexistent" time="0.001"><skipped type="pytest.skip" message="Token admin non disponible">/home/octave/Bureau/last/tests/test_02_laravel_admin.py:229: Token admin non disponible</skipped></testcase><testcase classname="test_02_laravel_admin.TestAdminChefsDepartement" name="test_toggle_chef" time="0.000"><skipped type="pytest.skip" message="Token admin non disponible">/home/octave/Bureau/last/tests/test_02_laravel_admin.py:240: Token admin non disponible</skipped></testcase><testcase classname="test_02_laravel_admin.TestAdminStatistiques" name="test_stats_global_no_auth" time="0.296"><failure message="assert 500 in [401, 403]&#10; +  where 500 = &lt;Response [500]&gt;.status_code">test_02_laravel_admin.py:261: in test_stats_global_no_auth
    assert r.status_code in [401, 403]
E   assert 500 in [401, 403]
E    +  where 500 = &lt;Response [500]&gt;.status_code</failure></testcase><testcase classname="test_02_laravel_admin.TestAdminStatistiques" name="test_stats_global_with_admin" time="0.001"><skipped type="pytest.skip" message="Token admin non disponible">/home/octave/Bureau/last/tests/test_02_laravel_admin.py:266: Token admin non disponible</skipped></testcase><testcase classname="test_02_laravel_admin.TestAdminStatistiques" name="test_stats_dashboard_no_auth" time="0.277"><failure message="assert 500 in [401, 403]&#10; +  where 500 = &lt;Response [500]&gt;.status_code">test_02_laravel_admin.py:277: in test_stats_dashboard_no_auth
    assert r.status_code in [401, 403]
E   assert 500 in [401, 403]
E    +  where 500 = &lt;Response [500]&gt;.status_code</failure></testcase><testcase classname="test_02_laravel_admin.TestAdminStatistiques" name="test_stats_dashboard_with_admin" time="0.001"><skipped type="pytest.skip" message="Token admin non disponible">/home/octave/Bureau/last/tests/test_02_laravel_admin.py:282: Token admin non disponible</skipped></testcase><testcase classname="test_02_laravel_admin.TestAdminMatieres" name="test_list_matieres_no_auth" time="0.324"><failure message="assert 500 in [401, 403]&#10; +  where 500 = &lt;Response [500]&gt;.status_code">test_02_laravel_admin.py:304: in test_list_matieres_no_auth
    assert r.status_code in [401, 403]
E   assert 500 in [401, 403]
E    +  where 500 = &lt;Response [500]&gt;.status_code</failure></testcase><testcase classname="test_02_laravel_admin.TestAdminMatieres" name="test_list_matieres" time="0.001"><skipped type="pytest.skip" message="Token admin non disponible">/home/octave/Bureau/last/tests/test_02_laravel_admin.py:309: Token admin non disponible</skipped></testcase><testcase classname="test_02_laravel_admin.TestAdminMatieres" name="test_create_matiere" time="0.001"><skipped type="pytest.skip" message="Token admin non disponible">/home/octave/Bureau/last/tests/test_02_laravel_admin.py:320: Token admin non disponible</skipped></testcase><testcase classname="test_02_laravel_admin.TestAdminMatieres" name="test_show_matiere" time="0.001"><skipped type="pytest.skip" message="Token admin non disponible">/home/octave/Bureau/last/tests/test_02_laravel_admin.py:332: Token admin non disponible</skipped></testcase><testcase classname="test_02_laravel_admin.TestAdminMatieres" name="test_update_matiere" time="0.001"><skipped type="pytest.skip" message="Token admin non disponible">/home/octave/Bureau/last/tests/test_02_laravel_admin.py:343: Token admin non disponible</skipped></testcase><testcase classname="test_02_laravel_admin.TestAdminMatieres" name="test_delete_matiere_nonexistent" time="0.000"><skipped type="pytest.skip" message="Token admin non disponible">/home/octave/Bureau/last/tests/test_02_laravel_admin.py:355: Token admin non disponible</skipped></testcase><testcase classname="test_02_laravel_admin.TestAdminEmploiTemps" name="test_emploi_temps_filieres_no_auth" time="0.312"><failure message="assert 500 in [401, 403]&#10; +  where 500 = &lt;Response [500]&gt;.status_code">test_02_laravel_admin.py:377: in test_emploi_temps_filieres_no_auth
    assert r.status_code in [401, 403]
E   assert 500 in [401, 403]
E    +  where 500 = &lt;Response [500]&gt;.status_code</failure></testcase><testcase classname="test_02_laravel_admin.TestAdminEmploiTemps" name="test_emploi_temps_filieres" time="0.001"><skipped type="pytest.skip" message="Token admin non disponible">/home/octave/Bureau/last/tests/test_02_laravel_admin.py:382: Token admin non disponible</skipped></testcase><testcase classname="test_02_laravel_admin.TestAdminEmploiTemps" name="test_create_emploi_temps" time="0.001"><skipped type="pytest.skip" message="Token admin non disponible">/home/octave/Bureau/last/tests/test_02_laravel_admin.py:393: Token admin non disponible</skipped></testcase><testcase classname="test_02_laravel_admin.TestAdminEmploiTemps" name="test_show_emploi_temps" time="0.001"><skipped type="pytest.skip" message="Token admin non disponible">/home/octave/Bureau/last/tests/test_02_laravel_admin.py:412: Token admin non disponible</skipped></testcase><testcase classname="test_02_laravel_admin.TestAdminNotes" name="test_list_notes_no_auth" time="0.302"><failure message="assert 500 in [401, 403]&#10; +  where 500 = &lt;Response [500]&gt;.status_code">test_02_laravel_admin.py:434: in test_list_notes_no_auth
    assert r.status_code in [401, 403]
E   assert 500 in [401, 403]
E    +  where 500 = &lt;Response [500]&gt;.status_code</failure></testcase><testcase classname="test_02_laravel_admin.TestAdminNotes" name="test_list_notes" time="0.001"><skipped type="pytest.skip" message="Token admin non disponible">/home/octave/Bureau/last/tests/test_02_laravel_admin.py:439: Token admin non disponible</skipped></testcase><testcase classname="test_02_laravel_admin.TestAdminNotes" name="test_create_note" time="0.001"><skipped type="pytest.skip" message="Token admin non disponible">/home/octave/Bureau/last/tests/test_02_laravel_admin.py:450: Token admin non disponible</skipped></testcase><testcase classname="test_02_laravel_admin.TestAdminNotes" name="test_show_note" time="0.001"><skipped type="pytest.skip" message="Token admin non disponible">/home/octave/Bureau/last/tests/test_02_laravel_admin.py:462: Token admin non disponible</skipped></testcase><testcase classname="test_03_laravel_departement.TestDepartementFilieres" name="test_list_filieres_no_auth" time="0.304"><failure message="assert 500 in [401, 403]&#10; +  where 500 = &lt;Response [500]&gt;.status_code">test_03_laravel_departement.py:50: in test_list_filieres_no_auth
    assert r.status_code in [401, 403]
E   assert 500 in [401, 403]
E    +  where 500 = &lt;Response [500]&gt;.status_code</failure></testcase><testcase classname="test_03_laravel_departement.TestDepartementFilieres" name="test_list_filieres" time="0.020"><skipped type="pytest.skip" message="Token chef non disponible">/home/octave/Bureau/last/tests/test_03_laravel_departement.py:55: Token chef non disponible</skipped></testcase><testcase classname="test_03_laravel_departement.TestDepartementFilieres" name="test_create_filiere" time="0.001"><skipped type="pytest.skip" message="Token chef non disponible">/home/octave/Bureau/last/tests/test_03_laravel_departement.py:66: Token chef non disponible</skipped></testcase><testcase classname="test_03_laravel_departement.TestDepartementFilieres" name="test_create_filiere_missing_data" time="0.001"><skipped type="pytest.skip" message="Token chef non disponible">/home/octave/Bureau/last/tests/test_03_laravel_departement.py:78: Token chef non disponible</skipped></testcase><testcase classname="test_03_laravel_departement.TestDepartementFilieres" name="test_show_filiere" time="0.001"><skipped type="pytest.skip" message="Token chef non disponible">/home/octave/Bureau/last/tests/test_03_laravel_departement.py:90: Token chef non disponible</skipped></testcase><testcase classname="test_03_laravel_departement.TestDepartementFilieres" name="test_update_filiere" time="0.001"><skipped type="pytest.skip" message="Token chef non disponible">/home/octave/Bureau/last/tests/test_03_laravel_departement.py:101: Token chef non disponible</skipped></testcase><testcase classname="test_03_laravel_departement.TestDepartementFilieres" name="test_delete_filiere_nonexistent" time="0.001"><skipped type="pytest.skip" message="Token chef non disponible">/home/octave/Bureau/last/tests/test_03_laravel_departement.py:113: Token chef non disponible</skipped></testcase><testcase classname="test_03_laravel_departement.TestDepartementFilieres" name="test_filiere_etudiants" time="0.001"><skipped type="pytest.skip" message="Token chef non disponible">/home/octave/Bureau/last/tests/test_03_laravel_departement.py:124: Token chef non disponible</skipped></testcase><testcase classname="test_03_laravel_departement.TestDepartementFilieres" name="test_filiere_matieres" time="0.001"><skipped type="pytest.skip" message="Token chef non disponible">/home/octave/Bureau/last/tests/test_03_laravel_departement.py:135: Token chef non disponible</skipped></testcase><testcase classname="test_03_laravel_departement.TestDepartementFilieres" name="test_filiere_stats" time="0.001"><skipped type="pytest.skip" message="Token chef non disponible">/home/octave/Bureau/last/tests/test_03_laravel_departement.py:146: Token chef non disponible</skipped></testcase><testcase classname="test_03_laravel_departement.TestDepartementFilieres" name="test_filiere_emploi_temps" time="0.002"><skipped type="pytest.skip" message="Token chef non disponible">/home/octave/Bureau/last/tests/test_03_laravel_departement.py:157: Token chef non disponible</skipped></testcase><testcase classname="test_03_laravel_departement.TestDepartementFilieres" name="test_assign_matiere_to_filiere" time="0.001"><skipped type="pytest.skip" message="Token chef non disponible">/home/octave/Bureau/last/tests/test_03_laravel_departement.py:168: Token chef non disponible</skipped></testcase><testcase classname="test_03_laravel_departement.TestDepartementFilieres" name="test_remove_matiere_from_filiere" time="0.001"><skipped type="pytest.skip" message="Token chef non disponible">/home/octave/Bureau/last/tests/test_03_laravel_departement.py:180: Token chef non disponible</skipped></testcase><testcase classname="test_03_laravel_departement.TestDepartementMatieres" name="test_list_matieres" time="0.000"><skipped type="pytest.skip" message="Token chef non disponible">/home/octave/Bureau/last/tests/test_03_laravel_departement.py:202: Token chef non disponible</skipped></testcase><testcase classname="test_03_laravel_departement.TestDepartementMatieres" name="test_create_matiere" time="0.001"><skipped type="pytest.skip" message="Token chef non disponible">/home/octave/Bureau/last/tests/test_03_laravel_departement.py:213: Token chef non disponible</skipped></testcase><testcase classname="test_03_laravel_departement.TestDepartementMatieres" name="test_show_matiere" time="0.001"><skipped type="pytest.skip" message="Token chef non disponible">/home/octave/Bureau/last/tests/test_03_laravel_departement.py:225: Token chef non disponible</skipped></testcase><testcase classname="test_03_laravel_departement.TestDepartementEtudiants" name="test_list_etudiants_no_auth" time="0.365"><failure message="assert 500 in [401, 403]&#10; +  where 500 = &lt;Response [500]&gt;.status_code">test_03_laravel_departement.py:246: in test_list_etudiants_no_auth
    assert r.status_code in [401, 403]
E   assert 500 in [401, 403]
E    +  where 500 = &lt;Response [500]&gt;.status_code</failure></testcase><testcase classname="test_03_laravel_departement.TestDepartementEtudiants" name="test_list_etudiants" time="0.001"><skipped type="pytest.skip" message="Token chef non disponible">/home/octave/Bureau/last/tests/test_03_laravel_departement.py:251: Token chef non disponible</skipped></testcase><testcase classname="test_03_laravel_departement.TestDepartementImports" name="test_import_etudiants_no_auth" time="0.288"><failure message="assert 500 in [401, 403]&#10; +  where 500 = &lt;Response [500]&gt;.status_code">test_03_laravel_departement.py:272: in test_import_etudiants_no_auth
    assert r.status_code in [401, 403]
E   assert 500 in [401, 403]
E    +  where 500 = &lt;Response [500]&gt;.status_code</failure></testcase><testcase classname="test_03_laravel_departement.TestDepartementImports" name="test_import_etudiants_no_file" time="0.001"><skipped type="pytest.skip" message="Token chef non disponible">/home/octave/Bureau/last/tests/test_03_laravel_departement.py:277: Token chef non disponible</skipped></testcase><testcase classname="test_03_laravel_departement.TestDepartementImports" name="test_import_notes_no_auth" time="0.277"><failure message="assert 500 in [401, 403]&#10; +  where 500 = &lt;Response [500]&gt;.status_code">test_03_laravel_departement.py:288: in test_import_notes_no_auth
    assert r.status_code in [401, 403]
E   assert 500 in [401, 403]
E    +  where 500 = &lt;Response [500]&gt;.status_code</failure></testcase><testcase classname="test_03_laravel_departement.TestDepartementImports" name="test_import_emploi_temps_no_auth" time="0.265"><failure message="assert 500 in [401, 403]&#10; +  where 500 = &lt;Response [500]&gt;.status_code">test_03_laravel_departement.py:293: in test_import_emploi_temps_no_auth
    assert r.status_code in [401, 403]
E   assert 500 in [401, 403]
E    +  where 500 = &lt;Response [500]&gt;.status_code</failure></testcase><testcase classname="test_03_laravel_departement.TestDepartementImports" name="test_template_etudiants" time="0.001"><skipped type="pytest.skip" message="Token chef non disponible">/home/octave/Bureau/last/tests/test_03_laravel_departement.py:298: Token chef non disponible</skipped></testcase><testcase classname="test_03_laravel_departement.TestDepartementImports" name="test_template_notes" time="0.001"><skipped type="pytest.skip" message="Token chef non disponible">/home/octave/Bureau/last/tests/test_03_laravel_departement.py:309: Token chef non disponible</skipped></testcase><testcase classname="test_03_laravel_departement.TestDepartementImports" name="test_template_emploi_temps" time="0.001"><skipped type="pytest.skip" message="Token chef non disponible">/home/octave/Bureau/last/tests/test_03_laravel_departement.py:320: Token chef non disponible</skipped></testcase><testcase classname="test_03_laravel_departement.TestDepartementImports" name="test_import_history" time="0.001"><skipped type="pytest.skip" message="Token chef non disponible">/home/octave/Bureau/last/tests/test_03_laravel_departement.py:331: Token chef non disponible</skipped></testcase><testcase classname="test_03_laravel_departement.TestDepartementImports" name="test_import_history_download" time="0.001"><skipped type="pytest.skip" message="Token chef non disponible">/home/octave/Bureau/last/tests/test_03_laravel_departement.py:342: Token chef non disponible</skipped></testcase><testcase classname="test_03_laravel_departement.TestDepartementNotes" name="test_list_notes" time="0.000"><skipped type="pytest.skip" message="Token chef non disponible">/home/octave/Bureau/last/tests/test_03_laravel_departement.py:364: Token chef non disponible</skipped></testcase><testcase classname="test_03_laravel_departement.TestDepartementNotes" name="test_create_note" time="0.000"><skipped type="pytest.skip" message="Token chef non disponible">/home/octave/Bureau/last/tests/test_03_laravel_departement.py:375: Token chef non disponible</skipped></testcase><testcase classname="test_03_laravel_departement.TestDepartementEmploiTemps" name="test_create_emploi_temps" time="0.000"><skipped type="pytest.skip" message="Token chef non disponible">/home/octave/Bureau/last/tests/test_03_laravel_departement.py:398: Token chef non disponible</skipped></testcase><testcase classname="test_03_laravel_departement.TestDepartementDashboard" name="test_dashboard_no_auth" time="0.269"><failure message="assert 500 in [401, 403]&#10; +  where 500 = &lt;Response [500]&gt;.status_code">test_03_laravel_departement.py:427: in test_dashboard_no_auth
    assert r.status_code in [401, 403]
E   assert 500 in [401, 403]
E    +  where 500 = &lt;Response [500]&gt;.status_code</failure></testcase><testcase classname="test_03_laravel_departement.TestDepartementDashboard" name="test_dashboard_with_chef" time="0.001"><skipped type="pytest.skip" message="Token chef non disponible">/home/octave/Bureau/last/tests/test_03_laravel_departement.py:432: Token chef non disponible</skipped></testcase><testcase classname="test_04_laravel_student.TestStudentProfil" name="test_profil_no_auth" time="0.318"><failure message="assert 500 in [401, 403]&#10; +  where 500 = &lt;Response [500]&gt;.status_code">test_04_laravel_student.py:44: in test_profil_no_auth
    assert r.status_code in [401, 403]
E   assert 500 in [401, 403]
E    +  where 500 = &lt;Response [500]&gt;.status_code</failure></testcase><testcase classname="test_04_laravel_student.TestStudentProfil" name="test_profil_with_token" time="0.002"><skipped type="pytest.skip" message="Token étudiant non disponible">/home/octave/Bureau/last/tests/test_04_laravel_student.py:49: Token étudiant non disponible</skipped></testcase><testcase classname="test_04_laravel_student.TestStudentProfil" name="test_profil_with_admin_token" time="0.001"><skipped type="pytest.skip" message="Token admin non disponible">/home/octave/Bureau/last/tests/test_04_laravel_student.py:62: Token admin non disponible</skipped></testcase><testcase classname="test_04_laravel_student.TestStudentProfil" name="test_update_profil" time="0.000"><skipped type="pytest.skip" message="Token étudiant non disponible">/home/octave/Bureau/last/tests/test_04_laravel_student.py:74: Token étudiant non disponible</skipped></testcase><testcase classname="test_04_laravel_student.TestStudentProfil" name="test_update_profil_no_auth" time="0.296"><failure message="assert 500 in [401, 403]&#10; +  where 500 = &lt;Response [500]&gt;.status_code">test_04_laravel_student.py:90: in test_update_profil_no_auth
    assert r.status_code in [401, 403]
E   assert 500 in [401, 403]
E    +  where 500 = &lt;Response [500]&gt;.status_code</failure></testcase><testcase classname="test_04_laravel_student.TestStudentNotes" name="test_moyennes_no_auth" time="0.400"><failure message="assert 500 in [401, 403]&#10; +  where 500 = &lt;Response [500]&gt;.status_code">test_04_laravel_student.py:105: in test_moyennes_no_auth
    assert r.status_code in [401, 403]
E   assert 500 in [401, 403]
E    +  where 500 = &lt;Response [500]&gt;.status_code</failure></testcase><testcase classname="test_04_laravel_student.TestStudentNotes" name="test_moyennes_with_token" time="0.001"><skipped type="pytest.skip" message="Token étudiant non disponible">/home/octave/Bureau/last/tests/test_04_laravel_student.py:110: Token étudiant non disponible</skipped></testcase><testcase classname="test_04_laravel_student.TestStudentNotes" name="test_notes_no_auth" time="0.327"><failure message="assert 500 in [401, 403]&#10; +  where 500 = &lt;Response [500]&gt;.status_code">test_04_laravel_student.py:121: in test_notes_no_auth
    assert r.status_code in [401, 403]
E   assert 500 in [401, 403]
E    +  where 500 = &lt;Response [500]&gt;.status_code</failure></testcase><testcase classname="test_04_laravel_student.TestStudentNotes" name="test_notes_with_token" time="0.001"><skipped type="pytest.skip" message="Token étudiant non disponible">/home/octave/Bureau/last/tests/test_04_laravel_student.py:126: Token étudiant non disponible</skipped></testcase><testcase classname="test_04_laravel_student.TestStudentEmploiTemps" name="test_emploi_temps_no_auth" time="0.340"><failure message="assert 500 in [401, 403]&#10; +  where 500 = &lt;Response [500]&gt;.status_code">test_04_laravel_student.py:147: in test_emploi_temps_no_auth
    assert r.status_code in [401, 403]
E   assert 500 in [401, 403]
E    +  where 500 = &lt;Response [500]&gt;.status_code</failure></testcase><testcase classname="test_04_laravel_student.TestStudentEmploiTemps" name="test_emploi_temps_with_token" time="0.001"><skipped type="pytest.skip" message="Token étudiant non disponible">/home/octave/Bureau/last/tests/test_04_laravel_student.py:152: Token étudiant non disponible</skipped></testcase><testcase classname="test_04_laravel_student.TestStudentTaches" name="test_list_taches_no_auth" time="0.331"><failure message="assert 500 in [401, 403]&#10; +  where 500 = &lt;Response [500]&gt;.status_code">test_04_laravel_student.py:174: in test_list_taches_no_auth
    assert r.status_code in [401, 403]
E   assert 500 in [401, 403]
E    +  where 500 = &lt;Response [500]&gt;.status_code</failure></testcase><testcase classname="test_04_laravel_student.TestStudentTaches" name="test_list_taches" time="0.001"><skipped type="pytest.skip" message="Token étudiant non disponible">/home/octave/Bureau/last/tests/test_04_laravel_student.py:179: Token étudiant non disponible</skipped></testcase><testcase classname="test_04_laravel_student.TestStudentTaches" name="test_create_tache" time="0.001"><skipped type="pytest.skip" message="Token étudiant non disponible">/home/octave/Bureau/last/tests/test_04_laravel_student.py:190: Token étudiant non disponible</skipped></testcase><testcase classname="test_04_laravel_student.TestStudentTaches" name="test_create_tache_missing_titre" time="0.001"><skipped type="pytest.skip" message="Token étudiant non disponible">/home/octave/Bureau/last/tests/test_04_laravel_student.py:207: Token étudiant non disponible</skipped></testcase><testcase classname="test_04_laravel_student.TestStudentTaches" name="test_show_tache" time="0.001"><skipped type="pytest.skip" message="Token étudiant non disponible">/home/octave/Bureau/last/tests/test_04_laravel_student.py:219: Token étudiant non disponible</skipped></testcase><testcase classname="test_04_laravel_student.TestStudentTaches" name="test_update_tache" time="0.001"><skipped type="pytest.skip" message="Token étudiant non disponible">/home/octave/Bureau/last/tests/test_04_laravel_student.py:230: Token étudiant non disponible</skipped></testcase><testcase classname="test_04_laravel_student.TestStudentTaches" name="test_complete_tache" time="0.001"><skipped type="pytest.skip" message="Token étudiant non disponible">/home/octave/Bureau/last/tests/test_04_laravel_student.py:242: Token étudiant non disponible</skipped></testcase><testcase classname="test_04_laravel_student.TestStudentTaches" name="test_delete_tache_nonexistent" time="0.001"><skipped type="pytest.skip" message="Token étudiant non disponible">/home/octave/Bureau/last/tests/test_04_laravel_student.py:253: Token étudiant non disponible</skipped></testcase><testcase classname="test_04_laravel_student.TestStudentAlertes" name="test_list_alertes_no_auth" time="0.339"><failure message="assert 500 in [401, 403]&#10; +  where 500 = &lt;Response [500]&gt;.status_code">test_04_laravel_student.py:274: in test_list_alertes_no_auth
    assert r.status_code in [401, 403]
E   assert 500 in [401, 403]
E    +  where 500 = &lt;Response [500]&gt;.status_code</failure></testcase><testcase classname="test_04_laravel_student.TestStudentAlertes" name="test_list_alertes" time="0.001"><skipped type="pytest.skip" message="Token étudiant non disponible">/home/octave/Bureau/last/tests/test_04_laravel_student.py:279: Token étudiant non disponible</skipped></testcase><testcase classname="test_04_laravel_student.TestStudentAlertes" name="test_mark_alerte_read" time="0.000"><skipped type="pytest.skip" message="Token étudiant non disponible">/home/octave/Bureau/last/tests/test_04_laravel_student.py:290: Token étudiant non disponible</skipped></testcase><testcase classname="test_04_laravel_student.TestStudentAnalysis" name="test_analysis_no_auth" time="0.330"><failure message="assert 500 in [401, 403]&#10; +  where 500 = &lt;Response [500]&gt;.status_code">test_04_laravel_student.py:312: in test_analysis_no_auth
    assert r.status_code in [401, 403]
E   assert 500 in [401, 403]
E    +  where 500 = &lt;Response [500]&gt;.status_code</failure></testcase><testcase classname="test_04_laravel_student.TestStudentAnalysis" name="test_analysis_with_token" time="0.001"><skipped type="pytest.skip" message="Token étudiant non disponible">/home/octave/Bureau/last/tests/test_04_laravel_student.py:317: Token étudiant non disponible</skipped></testcase><testcase classname="test_04_laravel_student.TestStudentAnalysis" name="test_analysis_history" time="0.001"><skipped type="pytest.skip" message="Token étudiant non disponible">/home/octave/Bureau/last/tests/test_04_laravel_student.py:329: Token étudiant non disponible</skipped></testcase><testcase classname="test_04_laravel_student.TestStudentAnalysis" name="test_analysis_mark_sent" time="0.001"><skipped type="pytest.skip" message="Token étudiant non disponible">/home/octave/Bureau/last/tests/test_04_laravel_student.py:340: Token étudiant non disponible</skipped></testcase><testcase classname="test_04_laravel_student.TestStudentPush" name="test_push_subscribe_no_auth" time="0.458"><failure message="assert 500 in [401, 403]&#10; +  where 500 = &lt;Response [500]&gt;.status_code">test_04_laravel_student.py:361: in test_push_subscribe_no_auth
    assert r.status_code in [401, 403]
E   assert 500 in [401, 403]
E    +  where 500 = &lt;Response [500]&gt;.status_code</failure></testcase><testcase classname="test_04_laravel_student.TestStudentPush" name="test_push_subscribe" time="0.001"><skipped type="pytest.skip" message="Token étudiant non disponible">/home/octave/Bureau/last/tests/test_04_laravel_student.py:366: Token étudiant non disponible</skipped></testcase><testcase classname="test_04_laravel_student.TestStudentPush" name="test_push_unsubscribe" time="0.001"><skipped type="pytest.skip" message="Token étudiant non disponible">/home/octave/Bureau/last/tests/test_04_laravel_student.py:384: Token étudiant non disponible</skipped></testcase><testcase classname="test_04_laravel_student.TestStudentGoogle" name="test_google_status_no_auth" time="0.314"><failure message="assert 500 in [401, 403]&#10; +  where 500 = &lt;Response [500]&gt;.status_code">test_04_laravel_student.py:405: in test_google_status_no_auth
    assert r.status_code in [401, 403]
E   assert 500 in [401, 403]
E    +  where 500 = &lt;Response [500]&gt;.status_code</failure></testcase><testcase classname="test_04_laravel_student.TestStudentGoogle" name="test_google_status" time="0.000"><skipped type="pytest.skip" message="Token étudiant non disponible">/home/octave/Bureau/last/tests/test_04_laravel_student.py:410: Token étudiant non disponible</skipped></testcase><testcase classname="test_04_laravel_student.TestStudentGoogle" name="test_google_disconnect" time="0.000"><skipped type="pytest.skip" message="Token étudiant non disponible">/home/octave/Bureau/last/tests/test_04_laravel_student.py:421: Token étudiant non disponible</skipped></testcase><testcase classname="test_04_laravel_student.TestStudentGoogle" name="test_google_sync" time="0.000"><skipped type="pytest.skip" message="Token étudiant non disponible">/home/octave/Bureau/last/tests/test_04_laravel_student.py:432: Token étudiant non disponible</skipped></testcase><testcase classname="test_05_node_base.TestNodeBase" name="test_root_endpoint" time="0.015" /><testcase classname="test_05_node_base.TestNodeBase" name="test_health_check" time="0.004" /><testcase classname="test_05_node_base.TestNodeBase" name="test_health_has_correct_fields" time="0.003" /><testcase classname="test_05_node_base.TestNodeBase" name="test_api_test" time="0.003" /><testcase classname="test_05_node_base.TestNodeBase" name="test_api_test_echo" time="0.149" /><testcase classname="test_05_node_base.TestNodeBase" name="test_api_test_echo_empty_body" time="0.005" /><testcase classname="test_05_node_base.TestNodeBase" name="test_api_test_hello" time="0.003" /><testcase classname="test_05_node_base.TestNodeBase" name="test_api_test_hello_special_chars" time="0.005" /><testcase classname="test_05_node_base.TestNodeBase" name="test_nonexistent_route" time="0.005" /><testcase classname="test_06_node_messages.TestNodePrivateMessages" name="test_conversations_no_auth" time="0.004" /><testcase classname="test_06_node_messages.TestNodePrivateMessages" name="test_conversations_with_token" time="0.001"><skipped type="pytest.skip" message="Token étudiant non disponible">/home/octave/Bureau/last/tests/test_06_node_messages.py:31: Token étudiant non disponible</skipped></testcase><testcase classname="test_06_node_messages.TestNodePrivateMessages" name="test_unread_count_no_auth" time="0.004" /><testcase classname="test_06_node_messages.TestNodePrivateMessages" name="test_unread_count_with_token" time="0.000"><skipped type="pytest.skip" message="Token étudiant non disponible">/home/octave/Bureau/last/tests/test_06_node_messages.py:47: Token étudiant non disponible</skipped></testcase><testcase classname="test_06_node_messages.TestNodePrivateMessages" name="test_get_messages_no_auth" time="0.005" /><testcase classname="test_06_node_messages.TestNodePrivateMessages" name="test_get_messages_with_token" time="0.001"><skipped type="pytest.skip" message="Token étudiant non disponible">/home/octave/Bureau/last/tests/test_06_node_messages.py:63: Token étudiant non disponible</skipped></testcase><testcase classname="test_06_node_messages.TestNodePrivateMessages" name="test_send_message_no_auth" time="0.004" /><testcase classname="test_06_node_messages.TestNodePrivateMessages" name="test_send_message_with_token" time="0.001"><skipped type="pytest.skip" message="Token étudiant non disponible">/home/octave/Bureau/last/tests/test_06_node_messages.py:83: Token étudiant non disponible</skipped></testcase><testcase classname="test_06_node_messages.TestNodePrivateMessages" name="test_send_message_missing_content" time="0.000"><skipped type="pytest.skip" message="Token étudiant non disponible">/home/octave/Bureau/last/tests/test_06_node_messages.py:95: Token étudiant non disponible</skipped></testcase><testcase classname="test_06_node_messages.TestNodePrivateMessages" name="test_mark_message_read_no_auth" time="0.003" /><testcase classname="test_06_node_messages.TestNodePrivateMessages" name="test_mark_message_read" time="0.001"><skipped type="pytest.skip" message="Token étudiant non disponible">/home/octave/Bureau/last/tests/test_06_node_messages.py:112: Token étudiant non disponible</skipped></testcase><testcase classname="test_07_node_sessions.TestNodeSessions" name="test_list_sessions_no_auth" time="0.003" /><testcase classname="test_07_node_sessions.TestNodeSessions" name="test_list_sessions_with_token" time="0.001"><skipped type="pytest.skip" message="Token étudiant non disponible">/home/octave/Bureau/last/tests/test_07_node_sessions.py:30: Token étudiant non disponible</skipped></testcase><testcase classname="test_07_node_sessions.TestNodeSessions" name="test_create_session_no_auth" time="0.004" /><testcase classname="test_07_node_sessions.TestNodeSessions" name="test_create_session" time="0.001"><skipped type="pytest.skip" message="Token étudiant non disponible">/home/octave/Bureau/last/tests/test_07_node_sessions.py:50: Token étudiant non disponible</skipped></testcase><testcase classname="test_07_node_sessions.TestNodeSessions" name="test_create_session_empty_body" time="0.000"><skipped type="pytest.skip" message="Token étudiant non disponible">/home/octave/Bureau/last/tests/test_07_node_sessions.py:66: Token étudiant non disponible</skipped></testcase><testcase classname="test_07_node_sessions.TestNodeSessions" name="test_join_session_no_auth" time="0.003" /><testcase classname="test_07_node_sessions.TestNodeSessions" name="test_join_session" time="0.000"><skipped type="pytest.skip" message="Token étudiant non disponible">/home/octave/Bureau/last/tests/test_07_node_sessions.py:83: Token étudiant non disponible</skipped></testcase><testcase classname="test_07_node_sessions.TestNodeSessions" name="test_rate_session_no_auth" time="0.004" /><testcase classname="test_07_node_sessions.TestNodeSessions" name="test_rate_session" time="0.001"><skipped type="pytest.skip" message="Token étudiant non disponible">/home/octave/Bureau/last/tests/test_07_node_sessions.py:103: Token étudiant non disponible</skipped></testcase><testcase classname="test_08_node_chat.TestNodeChat" name="test_upload_no_auth" time="0.004" /><testcase classname="test_08_node_chat.TestNodeChat" name="test_upload_with_file" time="0.000"><skipped type="pytest.skip" message="Token étudiant non disponible">/home/octave/Bureau/last/tests/test_08_node_chat.py:32: Token étudiant non disponible</skipped></testcase><testcase classname="test_08_node_chat.TestNodeChat" name="test_upload_no_file" time="0.000"><skipped type="pytest.skip" message="Token étudiant non disponible">/home/octave/Bureau/last/tests/test_08_node_chat.py:45: Token étudiant non disponible</skipped></testcase><testcase classname="test_08_node_chat.TestNodeChat" name="test_get_messages_no_auth" time="0.003" /><testcase classname="test_08_node_chat.TestNodeChat" name="test_get_messages" time="0.000"><skipped type="pytest.skip" message="Token étudiant non disponible">/home/octave/Bureau/last/tests/test_08_node_chat.py:61: Token étudiant non disponible</skipped></testcase><testcase classname="test_08_node_chat.TestNodeChat" name="test_get_participants_no_auth" time="0.003" /><testcase classname="test_08_node_chat.TestNodeChat" name="test_get_participants" time="0.001"><skipped type="pytest.skip" message="Token étudiant non disponible">/home/octave/Bureau/last/tests/test_08_node_chat.py:77: Token étudiant non disponible</skipped></testcase><testcase classname="test_08_node_chat.TestNodeChat" name="test_get_mentions_no_auth" time="0.003" /><testcase classname="test_08_node_chat.TestNodeChat" name="test_get_mentions" time="0.000"><skipped type="pytest.skip" message="Token étudiant non disponible">/home/octave/Bureau/last/tests/test_08_node_chat.py:93: Token étudiant non disponible</skipped></testcase><testcase classname="test_08_node_chat.TestNodeChat" name="test_get_whiteboard_state_no_auth" time="0.003" /><testcase classname="test_08_node_chat.TestNodeChat" name="test_get_whiteboard_state" time="0.000"><skipped type="pytest.skip" message="Token étudiant non disponible">/home/octave/Bureau/last/tests/test_08_node_chat.py:109: Token étudiant non disponible</skipped></testcase><testcase classname="test_09_node_notifications.TestNodeNotifications" name="test_list_notifications_no_auth" time="0.003" /><testcase classname="test_09_node_notifications.TestNodeNotifications" name="test_list_notifications" time="0.001"><skipped type="pytest.skip" message="Token étudiant non disponible">/home/octave/Bureau/last/tests/test_09_node_notifications.py:32: Token étudiant non disponible</skipped></testcase><testcase classname="test_09_node_notifications.TestNodeNotifications" name="test_unread_count_no_auth" time="0.003" /><testcase classname="test_09_node_notifications.TestNodeNotifications" name="test_unread_count" time="0.001"><skipped type="pytest.skip" message="Token étudiant non disponible">/home/octave/Bureau/last/tests/test_09_node_notifications.py:48: Token étudiant non disponible</skipped></testcase><testcase classname="test_09_node_notifications.TestNodeNotifications" name="test_create_notification_no_auth" time="0.003" /><testcase classname="test_09_node_notifications.TestNodeNotifications" name="test_create_notification" time="0.000"><skipped type="pytest.skip" message="Token étudiant non disponible">/home/octave/Bureau/last/tests/test_09_node_notifications.py:68: Token étudiant non disponible</skipped></testcase><testcase classname="test_09_node_notifications.TestNodeNotifications" name="test_mark_all_read_no_auth" time="0.003" /><testcase classname="test_09_node_notifications.TestNodeNotifications" name="test_mark_all_read" time="0.001"><skipped type="pytest.skip" message="Token étudiant non disponible">/home/octave/Bureau/last/tests/test_09_node_notifications.py:89: Token étudiant non disponible</skipped></testcase><testcase classname="test_09_node_notifications.TestNodeNotifications" name="test_mark_one_read_no_auth" time="0.003" /><testcase classname="test_09_node_notifications.TestNodeNotifications" name="test_mark_one_read" time="0.000"><skipped type="pytest.skip" message="Token étudiant non disponible">/home/octave/Bureau/last/tests/test_09_node_notifications.py:105: Token étudiant non disponible</skipped></testcase><testcase classname="test_09_node_notifications.TestNodeNotifications" name="test_delete_notification_no_auth" time="0.004" /><testcase classname="test_09_node_notifications.TestNodeNotifications" name="test_delete_notification" time="0.000"><skipped type="pytest.skip" message="Token étudiant non disponible">/home/octave/Bureau/last/tests/test_09_node_notifications.py:121: Token étudiant non disponible</skipped></testcase><testcase classname="test_10_node_webhook.TestNodeWebhook" name="test_webhook_alerte_missing_secret" time="0.226" /><testcase classname="test_10_node_webhook.TestNodeWebhook" name="test_webhook_alerte_valid" time="0.171" /><testcase classname="test_10_node_webhook.TestNodeWebhook" name="test_webhook_alerte_missing_fields" time="0.004" /><testcase classname="test_10_node_webhook.TestNodeWebhook" name="test_webhook_alerte_empty_body" time="0.003" /><testcase classname="test_10_node_webhook.TestNodeWebhook" name="test_webhook_alerte_all_types" time="0.922" /><testcase classname="test_11_python_rag.TestPythonRoot" name="test_root" time="0.147" /><testcase classname="test_11_python_rag.TestPythonRAGChat" name="test_chat_no_auth" time="0.003" /><testcase classname="test_11_python_rag.TestPythonRAGChat" name="test_chat_with_token" time="0.000"><skipped type="pytest.skip" message="Token étudiant non disponible">/home/octave/Bureau/last/tests/test_11_python_rag.py:48: Token étudiant non disponible</skipped></testcase><testcase classname="test_11_python_rag.TestPythonRAGChat" name="test_chat_empty_question" time="0.000"><skipped type="pytest.skip" message="Token étudiant non disponible">/home/octave/Bureau/last/tests/test_11_python_rag.py:63: Token étudiant non disponible</skipped></testcase><testcase classname="test_11_python_rag.TestPythonRAGChat" name="test_chat_with_history" time="0.001"><skipped type="pytest.skip" message="Token étudiant non disponible">/home/octave/Bureau/last/tests/test_11_python_rag.py:75: Token étudiant non disponible</skipped></testcase><testcase classname="test_11_python_rag.TestPythonRAGChat" name="test_chat_missing_body" time="0.000"><skipped type="pytest.skip" message="Token étudiant non disponible">/home/octave/Bureau/last/tests/test_11_python_rag.py:93: Token étudiant non disponible</skipped></testcase><testcase classname="test_11_python_rag.TestPythonRAGUpload" name="test_upload_no_auth" time="0.004" /><testcase classname="test_11_python_rag.TestPythonRAGUpload" name="test_upload_txt_file" time="0.001"><skipped type="pytest.skip" message="Token étudiant non disponible">/home/octave/Bureau/last/tests/test_11_python_rag.py:120: Token étudiant non disponible</skipped></testcase><testcase classname="test_11_python_rag.TestPythonRAGUpload" name="test_upload_no_file" time="0.000"><skipped type="pytest.skip" message="Token étudiant non disponible">/home/octave/Bureau/last/tests/test_11_python_rag.py:137: Token étudiant non disponible</skipped></testcase><testcase classname="test_12_python_summary.TestPythonSummary" name="test_generate_summary_no_auth" time="0.004" /><testcase classname="test_12_python_summary.TestPythonSummary" name="test_generate_summary_txt" time="0.001"><skipped type="pytest.skip" message="Token étudiant non disponible">/home/octave/Bureau/last/tests/test_12_python_summary.py:36: Token étudiant non disponible</skipped></testcase><testcase classname="test_12_python_summary.TestPythonSummary" name="test_generate_summary_invalid_extension" time="0.000"><skipped type="pytest.skip" message="Token étudiant non disponible">/home/octave/Bureau/last/tests/test_12_python_summary.py:60: Token étudiant non disponible</skipped></testcase><testcase classname="test_12_python_summary.TestPythonSummary" name="test_generate_summary_all_levels" time="0.000"><skipped type="pytest.skip" message="Token étudiant non disponible">/home/octave/Bureau/last/tests/test_12_python_summary.py:73: Token étudiant non disponible</skipped></testcase><testcase classname="test_12_python_summary.TestPythonSummary" name="test_get_summary_not_found" time="0.000"><skipped type="pytest.skip" message="Token étudiant non disponible">/home/octave/Bureau/last/tests/test_12_python_summary.py:88: Token étudiant non disponible</skipped></testcase><testcase classname="test_12_python_summary.TestPythonSummary" name="test_download_summary_not_found" time="0.000"><skipped type="pytest.skip" message="Token étudiant non disponible">/home/octave/Bureau/last/tests/test_12_python_summary.py:99: Token étudiant non disponible</skipped></testcase><testcase classname="test_13_python_quiz.TestPythonQuiz" name="test_generate_quiz_no_auth" time="0.020" /><testcase classname="test_13_python_quiz.TestPythonQuiz" name="test_generate_quiz" time="0.001"><skipped type="pytest.skip" message="Token étudiant non disponible">/home/octave/Bureau/last/tests/test_13_python_quiz.py:36: Token étudiant non disponible</skipped></testcase><testcase classname="test_13_python_quiz.TestPythonQuiz" name="test_generate_quiz_invalid_extension" time="0.000"><skipped type="pytest.skip" message="Token étudiant non disponible">/home/octave/Bureau/last/tests/test_13_python_quiz.py:63: Token étudiant non disponible</skipped></testcase><testcase classname="test_13_python_quiz.TestPythonQuiz" name="test_generate_quiz_all_difficulties" time="0.000"><skipped type="pytest.skip" message="Token étudiant non disponible">/home/octave/Bureau/last/tests/test_13_python_quiz.py:76: Token étudiant non disponible</skipped></testcase><testcase classname="test_13_python_quiz.TestPythonQuiz" name="test_correct_quiz_no_auth" time="0.003" /><testcase classname="test_13_python_quiz.TestPythonQuiz" name="test_correct_quiz_not_found" time="0.000"><skipped type="pytest.skip" message="Token étudiant non disponible">/home/octave/Bureau/last/tests/test_13_python_quiz.py:100: Token étudiant non disponible</skipped></testcase><testcase classname="test_13_python_quiz.TestPythonQuiz" name="test_get_quiz_not_found" time="0.001"><skipped type="pytest.skip" message="Token étudiant non disponible">/home/octave/Bureau/last/tests/test_13_python_quiz.py:112: Token étudiant non disponible</skipped></testcase><testcase classname="test_14_python_exercises.TestPythonExercises" name="test_generate_exercises_no_auth" time="0.032" /><testcase classname="test_14_python_exercises.TestPythonExercises" name="test_generate_exercises" time="0.001"><skipped type="pytest.skip" message="Token étudiant non disponible">/home/octave/Bureau/last/tests/test_14_python_exercises.py:36: Token étudiant non disponible</skipped></testcase><testcase classname="test_14_python_exercises.TestPythonExercises" name="test_generate_exercises_invalid_extension" time="0.001"><skipped type="pytest.skip" message="Token étudiant non disponible">/home/octave/Bureau/last/tests/test_14_python_exercises.py:61: Token étudiant non disponible</skipped></testcase><testcase classname="test_14_python_exercises.TestPythonExercises" name="test_generate_exercises_all_difficulties" time="0.000"><skipped type="pytest.skip" message="Token étudiant non disponible">/home/octave/Bureau/last/tests/test_14_python_exercises.py:74: Token étudiant non disponible</skipped></testcase><testcase classname="test_14_python_exercises.TestPythonExercises" name="test_get_exercise_not_found" time="0.000"><skipped type="pytest.skip" message="Token étudiant non disponible">/home/octave/Bureau/last/tests/test_14_python_exercises.py:89: Token étudiant non disponible</skipped></testcase><testcase classname="test_14_python_exercises.TestPythonExercises" name="test_download_exercise_not_found" time="0.001"><skipped type="pytest.skip" message="Token étudiant non disponible">/home/octave/Bureau/last/tests/test_14_python_exercises.py:100: Token étudiant non disponible</skipped></testcase><testcase classname="test_15_python_image.TestPythonImage" name="test_generate_image_no_auth" time="0.014" /><testcase classname="test_15_python_image.TestPythonImage" name="test_generate_image_with_token" time="0.001"><skipped type="pytest.skip" message="Token étudiant non disponible">/home/octave/Bureau/last/tests/test_15_python_image.py:33: Token étudiant non disponible</skipped></testcase><testcase classname="test_15_python_image.TestPythonImage" name="test_generate_image_missing_prompt" time="0.001"><skipped type="pytest.skip" message="Token étudiant non disponible">/home/octave/Bureau/last/tests/test_15_python_image.py:46: Token étudiant non disponible</skipped></testcase><testcase classname="test_15_python_image.TestPythonImage" name="test_download_image_not_found" time="0.001"><skipped type="pytest.skip" message="Token étudiant non disponible">/home/octave/Bureau/last/tests/test_15_python_image.py:57: Token étudiant non disponible</skipped></testcase><testcase classname="test_15_python_image.TestPythonImage" name="test_download_image_no_auth" time="0.003" /><testcase classname="test_16_python_podcast.TestPythonPodcast" name="test_generate_podcast_no_auth" time="0.022" /><testcase classname="test_16_python_podcast.TestPythonPodcast" name="test_generate_podcast" time="0.001"><skipped type="pytest.skip" message="Token étudiant non disponible">/home/octave/Bureau/last/tests/test_16_python_podcast.py:35: Token étudiant non disponible</skipped></testcase><testcase classname="test_16_python_podcast.TestPythonPodcast" name="test_generate_podcast_invalid_extension" time="0.000"><skipped type="pytest.skip" message="Token étudiant non disponible">/home/octave/Bureau/last/tests/test_16_python_podcast.py:60: Token étudiant non disponible</skipped></testcase><testcase classname="test_16_python_podcast.TestPythonPodcast" name="test_generate_podcast_empty_file" time="0.000"><skipped type="pytest.skip" message="Token étudiant non disponible">/home/octave/Bureau/last/tests/test_16_python_podcast.py:73: Token étudiant non disponible</skipped></testcase><testcase classname="test_16_python_podcast.TestPythonPodcast" name="test_download_podcast_not_found" time="0.000"><skipped type="pytest.skip" message="Token étudiant non disponible">/home/octave/Bureau/last/tests/test_16_python_podcast.py:86: Token étudiant non disponible</skipped></testcase><testcase classname="test_16_python_podcast.TestPythonPodcast" name="test_download_podcast_no_auth" time="0.004" /><testcase classname="test_17_python_history.TestPythonHistory" name="test_get_history_no_auth" time="0.018" /><testcase classname="test_17_python_history.TestPythonHistory" name="test_get_history_with_token" time="0.001"><skipped type="pytest.skip" message="Token étudiant non disponible">/home/octave/Bureau/last/tests/test_17_python_history.py:29: Token étudiant non disponible</skipped></testcase><testcase classname="test_17_python_history.TestPythonHistory" name="test_get_history_filter_by_type" time="0.001"><skipped type="pytest.skip" message="Token étudiant non disponible">/home/octave/Bureau/last/tests/test_17_python_history.py:44: Token étudiant non disponible</skipped></testcase><testcase classname="test_17_python_history.TestPythonHistory" name="test_delete_history_item_not_found" time="0.001"><skipped type="pytest.skip" message="Token étudiant non disponible">/home/octave/Bureau/last/tests/test_17_python_history.py:59: Token étudiant non disponible</skipped></testcase><testcase classname="test_17_python_history.TestPythonHistory" name="test_delete_history_no_auth" time="0.003" /><testcase classname="test_17_python_history.TestPythonHistory" name="test_clear_history_by_type_no_auth" time="0.003" /><testcase classname="test_17_python_history.TestPythonHistory" name="test_clear_history_by_type" time="0.001"><skipped type="pytest.skip" message="Token étudiant non disponible">/home/octave/Bureau/last/tests/test_17_python_history.py:87: Token étudiant non disponible</skipped></testcase><testcase classname="test_17_python_history.TestPythonHistory" name="test_clear_history_missing_type" time="0.001"><skipped type="pytest.skip" message="Token étudiant non disponible">/home/octave/Bureau/last/tests/test_17_python_history.py:101: Token étudiant non disponible</skipped></testcase><testcase classname="test_18_python_analysis.TestPythonStudentAnalysis" name="test_analyze_student_no_auth" time="0.003" /><testcase classname="test_18_python_analysis.TestPythonStudentAnalysis" name="test_analyze_student_with_token" time="0.000"><skipped type="pytest.skip" message="Token étudiant non disponible">/home/octave/Bureau/last/tests/test_18_python_analysis.py:28: Token étudiant non disponible</skipped></testcase><testcase classname="test_18_python_analysis.TestPythonStudentAnalysis" name="test_analyze_student_not_found" time="0.000"><skipped type="pytest.skip" message="Token étudiant non disponible">/home/octave/Bureau/last/tests/test_18_python_analysis.py:44: Token étudiant non disponible</skipped></testcase><testcase classname="test_18_python_analysis.TestPythonStudentAnalysis" name="test_analyze_student_invalid_id" time="0.000"><skipped type="pytest.skip" message="Token étudiant non disponible">/home/octave/Bureau/last/tests/test_18_python_analysis.py:55: Token étudiant non disponible</skipped></testcase><testcase classname="test_18_python_analysis.TestPythonStudentAnalysis" name="test_analyze_student_zero_id" time="0.000"><skipped type="pytest.skip" message="Token étudiant non disponible">/home/octave/Bureau/last/tests/test_18_python_analysis.py:66: Token étudiant non disponible</skipped></testcase><testcase classname="test_18_python_analysis.TestPythonStudentAnalysis" name="test_analyze_student_negative_id" time="0.001"><skipped type="pytest.skip" message="Token étudiant non disponible">/home/octave/Bureau/last/tests/test_18_python_analysis.py:77: Token étudiant non disponible</skipped></testcase></testsuite></testsuites>